../Core/Src/main.c:117:6:HAL_GPIO_EXTI_Callback	16	static
../Core/Src/main.c:154:5:main	8	static
../Core/Src/main.c:209:6:SystemClock_Config	88	static
../Core/Src/main.c:255:13:MX_NVIC_Init	8	static
../Core/Src/main.c:279:13:MX_SPI2_Init	8	static
../Core/Src/main.c:316:13:MX_SPI3_Init	8	static
../Core/Src/main.c:354:13:MX_TIM2_Init	32	static
../Core/Src/main.c:399:13:MX_TIM3_Init	32	static
../Core/Src/main.c:444:13:MX_GPIO_Init	48	static
../Core/Src/main.c:486:6:Error_Handler	4	static,ignoring_inline_asm
